Archive member included because of file (symbol)

c:/program files (x86)/atmel/studio/7.0/toolchain/arm/arm-gnu-toolchain/bin/../lib/gcc/arm-none-eabi/4.9.3/../../../../arm-none-eabi/lib/armv6-m\libc.a(lib_a-exit.o)
                              c:/program files (x86)/atmel/studio/7.0/toolchain/arm/arm-gnu-toolchain/bin/../lib/gcc/arm-none-eabi/4.9.3/../../../../arm-none-eabi/lib/armv6-m/crt0.o (exit)
c:/program files (x86)/atmel/studio/7.0/toolchain/arm/arm-gnu-toolchain/bin/../lib/gcc/arm-none-eabi/4.9.3/../../../../arm-none-eabi/lib/armv6-m\libc.a(lib_a-impure.o)
                              c:/program files (x86)/atmel/studio/7.0/toolchain/arm/arm-gnu-toolchain/bin/../lib/gcc/arm-none-eabi/4.9.3/../../../../arm-none-eabi/lib/armv6-m\libc.a(lib_a-exit.o) (_global_impure_ptr)
c:/program files (x86)/atmel/studio/7.0/toolchain/arm/arm-gnu-toolchain/bin/../lib/gcc/arm-none-eabi/4.9.3/../../../../arm-none-eabi/lib/armv6-m\libc.a(lib_a-init.o)
                              c:/program files (x86)/atmel/studio/7.0/toolchain/arm/arm-gnu-toolchain/bin/../lib/gcc/arm-none-eabi/4.9.3/../../../../arm-none-eabi/lib/armv6-m/crt0.o (__libc_init_array)
c:/program files (x86)/atmel/studio/7.0/toolchain/arm/arm-gnu-toolchain/bin/../lib/gcc/arm-none-eabi/4.9.3/../../../../arm-none-eabi/lib/armv6-m\libc.a(lib_a-itoa.o)
                              menu.o (itoa)
c:/program files (x86)/atmel/studio/7.0/toolchain/arm/arm-gnu-toolchain/bin/../lib/gcc/arm-none-eabi/4.9.3/../../../../arm-none-eabi/lib/armv6-m\libc.a(lib_a-memcpy.o)
                              display.o (memcpy)
c:/program files (x86)/atmel/studio/7.0/toolchain/arm/arm-gnu-toolchain/bin/../lib/gcc/arm-none-eabi/4.9.3/../../../../arm-none-eabi/lib/armv6-m\libc.a(lib_a-memset.o)
                              c:/program files (x86)/atmel/studio/7.0/toolchain/arm/arm-gnu-toolchain/bin/../lib/gcc/arm-none-eabi/4.9.3/../../../../arm-none-eabi/lib/armv6-m/crt0.o (memset)
c:/program files (x86)/atmel/studio/7.0/toolchain/arm/arm-gnu-toolchain/bin/../lib/gcc/arm-none-eabi/4.9.3/../../../../arm-none-eabi/lib/armv6-m\libc.a(lib_a-strtol.o)
                              menu.o (strtol)
c:/program files (x86)/atmel/studio/7.0/toolchain/arm/arm-gnu-toolchain/bin/../lib/gcc/arm-none-eabi/4.9.3/../../../../arm-none-eabi/lib/armv6-m\libc.a(lib_a-strtoul.o)
                              menu.o (strtoul)
c:/program files (x86)/atmel/studio/7.0/toolchain/arm/arm-gnu-toolchain/bin/../lib/gcc/arm-none-eabi/4.9.3/../../../../arm-none-eabi/lib/armv6-m\libc.a(lib_a-utoa.o)
                              c:/program files (x86)/atmel/studio/7.0/toolchain/arm/arm-gnu-toolchain/bin/../lib/gcc/arm-none-eabi/4.9.3/../../../../arm-none-eabi/lib/armv6-m\libc.a(lib_a-itoa.o) (__utoa)
c:/program files (x86)/atmel/studio/7.0/toolchain/arm/arm-gnu-toolchain/bin/../lib/gcc/arm-none-eabi/4.9.3/../../../../arm-none-eabi/lib/armv6-m\libc.a(lib_a-__call_atexit.o)
                              c:/program files (x86)/atmel/studio/7.0/toolchain/arm/arm-gnu-toolchain/bin/../lib/gcc/arm-none-eabi/4.9.3/../../../../arm-none-eabi/lib/armv6-m\libc.a(lib_a-exit.o) (__call_exitprocs)
c:/program files (x86)/atmel/studio/7.0/toolchain/arm/arm-gnu-toolchain/bin/../lib/gcc/arm-none-eabi/4.9.3/../../../../arm-none-eabi/lib/armv6-m\libc.a(lib_a-atexit.o)
                              c:/program files (x86)/atmel/studio/7.0/toolchain/arm/arm-gnu-toolchain/bin/../lib/gcc/arm-none-eabi/4.9.3/../../../../arm-none-eabi/lib/armv6-m\libc.a(lib_a-__call_atexit.o) (atexit)
c:/program files (x86)/atmel/studio/7.0/toolchain/arm/arm-gnu-toolchain/bin/../lib/gcc/arm-none-eabi/4.9.3/../../../../arm-none-eabi/lib/armv6-m\libc.a(lib_a-ctype_.o)
                              c:/program files (x86)/atmel/studio/7.0/toolchain/arm/arm-gnu-toolchain/bin/../lib/gcc/arm-none-eabi/4.9.3/../../../../arm-none-eabi/lib/armv6-m\libc.a(lib_a-strtol.o) (__ctype_ptr__)
c:/program files (x86)/atmel/studio/7.0/toolchain/arm/arm-gnu-toolchain/bin/../lib/gcc/arm-none-eabi/4.9.3/../../../../arm-none-eabi/lib/armv6-m\libc.a(lib_a-fini.o)
                              c:/program files (x86)/atmel/studio/7.0/toolchain/arm/arm-gnu-toolchain/bin/../lib/gcc/arm-none-eabi/4.9.3/../../../../arm-none-eabi/lib/armv6-m\libc.a(lib_a-__call_atexit.o) (__libc_fini_array)
c:/program files (x86)/atmel/studio/7.0/toolchain/arm/arm-gnu-toolchain/bin/../lib/gcc/arm-none-eabi/4.9.3/../../../../arm-none-eabi/lib/armv6-m\libc.a(lib_a-__atexit.o)
                              c:/program files (x86)/atmel/studio/7.0/toolchain/arm/arm-gnu-toolchain/bin/../lib/gcc/arm-none-eabi/4.9.3/../../../../arm-none-eabi/lib/armv6-m\libc.a(lib_a-atexit.o) (__register_exitproc)
c:/program files (x86)/atmel/studio/7.0/toolchain/arm/arm-gnu-toolchain/bin/../lib/gcc/arm-none-eabi/4.9.3/armv6-m\libgcc.a(_udivsi3.o)
[...]
Memory Configuration

Name             Origin             Length             Attributes
rom              0x00000000         0x00008000         xr
ram              0x20000000         0x00001000         xrw
*default*        0x00000000         0xffffffff

Linker script and memory map

LOAD c:/program files (x86)/atmel/studio/7.0/toolchain/arm/arm-gnu-toolchain/bin/../lib/gcc/arm-none-eabi/4.9.3/armv6-m/crti.o
LOAD c:/program files (x86)/atmel/studio/7.0/toolchain/arm/arm-gnu-toolchain/bin/../lib/gcc/arm-none-eabi/4.9.3/armv6-m/crtbegin.o
LOAD c:/program files (x86)/atmel/studio/7.0/toolchain/arm/arm-gnu-toolchain/bin/../lib/gcc/arm-none-eabi/4.9.3/../../../../arm-none-eabi/lib/armv6-m/crt0.o
LOAD cal.o
LOAD console.o
LOAD delay.o
LOAD Device_Startup/startup_samd20.o
LOAD Device_Startup/system_samd20.o
LOAD display.o
LOAD init.o
LOAD main.o
LOAD menu.o
LOAD rtc.o
START GROUP
LOAD c:/program files (x86)/atmel/studio/7.0/toolchain/arm/arm-gnu-toolchain/bin/../lib/gcc/arm-none-eabi/4.9.3/../../../../arm-none-eabi/lib/armv6-m\libm.a
LOAD c:/program files (x86)/atmel/studio/7.0/toolchain/arm/arm-gnu-toolchain/bin/../lib/gcc/arm-none-eabi/4.9.3/../../../../arm-none-eabi/lib/armv6-m\libc.a
END GROUP
START GROUP
LOAD c:/program files (x86)/atmel/studio/7.0/toolchain/arm/arm-gnu-toolchain/bin/../lib/gcc/arm-none-eabi/4.9.3/armv6-m\libgcc.a
LOAD c:/program files (x86)/atmel/studio/7.0/toolchain/arm/arm-gnu-toolchain/bin/../lib/gcc/arm-none-eabi/4.9.3/../../../../arm-none-eabi/lib/armv6-m\libc.a
END GROUP
LOAD c:/program files (x86)/atmel/studio/7.0/toolchain/arm/arm-gnu-toolchain/bin/../lib/gcc/arm-none-eabi/4.9.3/armv6-m/crtend.o
LOAD c:/program files (x86)/atmel/studio/7.0/toolchain/arm/arm-gnu-toolchain/bin/../lib/gcc/arm-none-eabi/4.9.3/armv6-m/crtn.o
                0x00000400                STACK_SIZE = DEFINED (STACK_SIZE)?STACK_SIZE:DEFINED (__stack_size__)?__stack_size__:0x400
                0x00000100                //STACK_SIZE = DEFINED (STACK_SIZE)?STACK_SIZE:DEFINED (__stack_size__)?__stack_size__:0x100

.text           0x00000000     0x26c4
                0x00000000                . = ALIGN (0x4)
                0x00000000                _sfixed = .
 *(.vectors .vectors.*)
 .vectors       0x00000000       0xa4 Device_Startup/startup_samd20.o
                0x00000000                exception_table
 *(.text .text.* .gnu.linkonce.t.*)
 .text          0x000000a4       0x60 c:/program files (x86)/atmel/studio/7.0/toolchain/arm/arm-gnu-toolchain/bin/../lib/gcc/arm-none-eabi/4.9.3/armv6-m/crtbegin.o
 .text.cal_update
                0x00000104      0x11c cal.o
                0x00000104                cal_update
 .text.cal_ready
                0x00000220       0x1c cal.o
                0x00000220                cal_ready
 .text.cal_fetch
                0x0000023c       0x58 cal.o
                0x0000023c                cal_fetch
 .text.cal_init
                0x00000294      0x17c cal.o
                0x00000294                cal_init
 .text.cal_input_select
                0x00000410       0x48 cal.o
                0x00000410                cal_input_select
 .text.NVIC_EnableIRQ
                0x00000458       0x2c console.o
 .text.NVIC_SetPriority
                0x00000484       0xd4 console.o
 .text.SERCOM2_Handler
                0x00000558       0xe4 console.o
                0x00000558                SERCOM2_Handler
 .text.console_init
                0x0000063c       0xec console.o
                0x0000063c                console_init
 .text.console_getc
                0x00000728       0x5c console.o
                0x00000728                console_getc
 .text.console_putc
                0x00000784       0x6c console.o
                0x00000784                console_putc
 .text.console_puts
                0x000007f0       0x2c console.o
                0x000007f0                console_puts
 .text.console_gets
                0x0000081c      0x104 console.o
                0x0000081c                console_gets
 .text          0x00000920       0x1c delay.o
                0x00000920                delay_ms
                0x00000924                delay_us
 .text.Reset_Handler
                0x0000093c       0x94 Device_Startup/startup_samd20.o
                0x0000093c                Reset_Handler
 .text.Dummy_Handler
                0x000009d0        0x8 Device_Startup/startup_samd20.o
                0x000009d0                HardFault_Handler
                0x000009d0                TC2_Handler
                0x000009d0                AC_Handler
                0x000009d0                SysTick_Handler
                0x000009d0                PendSV_Handler
                0x000009d0                NMI_Handler
                0x000009d0                SERCOM1_Handler
                0x000009d0                ADC_Handler
                0x000009d0                RTC_Handler
                0x000009d0                EIC_Handler
                0x000009d0                WDT_Handler
                0x000009d0                TC4_Handler
                0x000009d0                TC3_Handler
                0x000009d0                Dummy_Handler
                0x000009d0                PM_Handler
                0x000009d0                SERCOM5_Handler
                0x000009d0                SVC_Handler
                0x000009d0                EVSYS_Handler
                0x000009d0                SERCOM3_Handler
                0x000009d0                SERCOM4_Handler
                0x000009d0                NVMCTRL_Handler
                0x000009d0                SERCOM0_Handler
                0x000009d0                DAC_Handler
                0x000009d0                PTC_Handler
                0x000009d0                TC5_Handler
                0x000009d0                SYSCTRL_Handler
 .text.NVIC_EnableIRQ
                0x000009d8       0x2c display.o
 .text.NVIC_SetPendingIRQ
                0x00000a04       0x30 display.o
 .text.NVIC_SetPriority
                0x00000a34       0xd4 display.o
 .text.TC0_Handler
                0x00000b08      0x170 display.o
                0x00000b08                TC0_Handler
 .text.TC1_Handler
                0x00000c78       0x18 display.o
                0x00000c78                TC1_Handler
 .text.display_init
                0x00000c90      0x134 display.o
                0x00000c90                display_init
 .text.display_update
                0x00000dc4      0x280 display.o
                0x00000dc4                display_update
 .text.clock_init
                0x00001044       0xa0 init.o
                0x00001044                clock_init
 .text.gpio_init
                0x000010e4       0x84 init.o
                0x000010e4                gpio_init
 .text.main     0x00001168       0x54 main.o
                0x00001168                main
 .text.menu     0x000011bc      0x39c menu.o
                0x000011bc                menu
 .text.rtc_init
                0x00001558      0x1cc rtc.o
                0x00001558                rtc_init
 .text.rtc_read
                0x00001724      0x140 rtc.o
                0x00001724                rtc_read
 .text.rtc_write
                0x00001864      0x11c rtc.o
                0x00001864                rtc_write
 .text.rtc_get_time
                0x00001980       0x80 rtc.o
                0x00001980                rtc_get_time
 .text.rtc_set_time
                0x00001a00       0x94 rtc.o
                0x00001a00                rtc_set_time
 .text.__libc_init_array
                0x00001a94       0x48 c:/program files (x86)/atmel/studio/7.0/toolchain/arm/arm-gnu-toolchain/bin/../lib/gcc/arm-none-eabi/4.9.3/../../../../arm-none-eabi/lib/armv6-m\libc.a(lib_a-init.o)
                0x00001a94                __libc_init_array
 .text.__itoa   0x00001adc       0x30 c:/program files (x86)/atmel/studio/7.0/toolchain/arm/arm-gnu-toolchain/bin/../lib/gcc/arm-none-eabi/4.9.3/../../../../arm-none-eabi/lib/armv6-m\libc.a(lib_a-itoa.o)
                0x00001adc                __itoa
 .text.itoa     0x00001b0c        0x8 c:/program files (x86)/atmel/studio/7.0/toolchain/arm/arm-gnu-toolchain/bin/../lib/gcc/arm-none-eabi/4.9.3/../../../../arm-none-eabi/lib/armv6-m\libc.a(lib_a-itoa.o)
                0x00001b0c                itoa
 .text.memcpy   0x00001b14       0x7c c:/program files (x86)/atmel/studio/7.0/toolchain/arm/arm-gnu-toolchain/bin/../lib/gcc/arm-none-eabi/4.9.3/../../../../arm-none-eabi/lib/armv6-m\libc.a(lib_a-memcpy.o)
                0x00001b14                memcpy
 .text._strtol_r
                0x00001b90      0x16c c:/program files (x86)/atmel/studio/7.0/toolchain/arm/arm-gnu-toolchain/bin/../lib/gcc/arm-none-eabi/4.9.3/../../../../arm-none-eabi/lib/armv6-m\libc.a(lib_a-strtol.o)
                0x00001b90                _strtol_r
 .text.strtol   0x00001cfc       0x1c c:/program files (x86)/atmel/studio/7.0/toolchain/arm/arm-gnu-toolchain/bin/../lib/gcc/arm-none-eabi/4.9.3/../../../../arm-none-eabi/lib/armv6-m\libc.a(lib_a-strtol.o)
                0x00001cfc                strtol
 .text._strtoul_r
                0x00001d18      0x17c c:/program files (x86)/atmel/studio/7.0/toolchain/arm/arm-gnu-toolchain/bin/../lib/gcc/arm-none-eabi/4.9.3/../../../../arm-none-eabi/lib/armv6-m\libc.a(lib_a-strtoul.o)
                0x00001d18                _strtoul_r
 .text.strtoul  0x00001e94       0x1c c:/program files (x86)/atmel/studio/7.0/toolchain/arm/arm-gnu-toolchain/bin/../lib/gcc/arm-none-eabi/4.9.3/../../../../arm-none-eabi/lib/armv6-m\libc.a(lib_a-strtoul.o)
                0x00001e94                strtoul
 .text.__utoa   0x00001eb0       0x8c c:/program files (x86)/atmel/studio/7.0/toolchain/arm/arm-gnu-toolchain/bin/../lib/gcc/arm-none-eabi/4.9.3/../../../../arm-none-eabi/lib/armv6-m\libc.a(lib_a-utoa.o)
                0x00001eb0                __utoa
 .text.startup.register_fini
                0x00001f3c       0x18 c:/program files (x86)/atmel/studio/7.0/toolchain/arm/arm-gnu-toolchain/bin/../lib/gcc/arm-none-eabi/4.9.3/../../../../arm-none-eabi/lib/armv6-m\libc.a(lib_a-__call_atexit.o)
 .text.atexit   0x00001f54       0x10 c:/program files (x86)/atmel/studio/7.0/toolchain/arm/arm-gnu-toolchain/bin/../lib/gcc/arm-none-eabi/4.9.3/../../../../arm-none-eabi/lib/armv6-m\libc.a(lib_a-atexit.o)
                0x00001f54                atexit
 .text.__libc_fini_array
                0x00001f64       0x34 c:/program files (x86)/atmel/studio/7.0/toolchain/arm/arm-gnu-toolchain/bin/../lib/gcc/arm-none-eabi/4.9.3/../../../../arm-none-eabi/lib/armv6-m\libc.a(lib_a-fini.o)
                0x00001f64                __libc_fini_array
 .text.__register_exitproc
                0x00001f98       0xd4 c:/program files (x86)/atmel/studio/7.0/toolchain/arm/arm-gnu-toolchain/bin/../lib/gcc/arm-none-eabi/4.9.3/../../../../arm-none-eabi/lib/armv6-m\libc.a(lib_a-__atexit.o)
                0x00001f98                __register_exitproc
 .text          0x0000206c      0x120 c:/program files (x86)/atmel/studio/7.0/toolchain/arm/arm-gnu-toolchain/bin/../lib/gcc/arm-none-eabi/4.9.3/armv6-m\libgcc.a(_udivsi3.o)
                0x0000206c                __aeabi_uidiv
                0x0000206c                __udivsi3
                0x00002178                __aeabi_uidivmod
 .text          0x0000218c        0x4 c:/program files (x86)/atmel/studio/7.0/toolchain/arm/arm-gnu-toolchain/bin/../lib/gcc/arm-none-eabi/4.9.3/armv6-m\libgcc.a(_dvmd_tls.o)
                0x0000218c                __aeabi_idiv0
                0x0000218c                __aeabi_ldiv0
 *(.glue_7t)
 .glue_7t       0x00000000        0x0 linker stubs
 *(.glue_7)
 .glue_7        0x00000000        0x0 linker stubs
 *(.rodata .rodata* .gnu.linkonce.r.*)
 .rodata        0x00002190      0x150 display.o
                0x00002190                pa_anode_enable_mask
                0x000021a0                pa_cathode_enable_mask
                0x00002240                pb_cathode_enable_mask
 .rodata        0x000022e0      0x28c menu.o
 .rodata.str1.4
                0x0000256c        0x2 c:/program files (x86)/atmel/studio/7.0/toolchain/arm/arm-gnu-toolchain/bin/../lib/gcc/arm-none-eabi/4.9.3/../../../../arm-none-eabi/lib/armv6-m\libc.a(lib_a-impure.o)
 *fill*         0x0000256e        0x2 
 .rodata._global_impure_ptr
                0x00002570        0x4 c:/program files (x86)/atmel/studio/7.0/toolchain/arm/arm-gnu-toolchain/bin/../lib/gcc/arm-none-eabi/4.9.3/../../../../arm-none-eabi/lib/armv6-m\libc.a(lib_a-impure.o)
                0x00002570                _global_impure_ptr
 .rodata.str1.4
                0x00002574       0x28 c:/program files (x86)/atmel/studio/7.0/toolchain/arm/arm-gnu-toolchain/bin/../lib/gcc/arm-none-eabi/4.9.3/../../../../arm-none-eabi/lib/armv6-m\libc.a(lib_a-utoa.o)
                                 0x25 (size before relaxing)
 .rodata._ctype_
                0x0000259c      0x101 c:/program files (x86)/atmel/studio/7.0/toolchain/arm/arm-gnu-toolchain/bin/../lib/gcc/arm-none-eabi/4.9.3/../../../../arm-none-eabi/lib/armv6-m\libc.a(lib_a-ctype_.o)
                0x0000259c                _ctype_
 *(.ARM.extab* .gnu.linkonce.armextab.*)
                0x000026a0                . = ALIGN (0x4)
 *fill*         0x0000269d        0x3 
 *(.init)
 .init          0x000026a0        0x4 c:/program files (x86)/atmel/studio/7.0/toolchain/arm/arm-gnu-toolchain/bin/../lib/gcc/arm-none-eabi/4.9.3/armv6-m/crti.o
                0x000026a0                _init
 .init          0x000026a4        0x8 c:/program files (x86)/atmel/studio/7.0/toolchain/arm/arm-gnu-toolchain/bin/../lib/gcc/arm-none-eabi/4.9.3/armv6-m/crtn.o
                0x000026ac                . = ALIGN (0x4)
                0x000026ac                __preinit_array_start = .
 *(.preinit_array)
                0x000026ac                __preinit_array_end = .
                0x000026ac                . = ALIGN (0x4)
                0x000026ac                __init_array_start = .
 *(SORT(.init_array.*))
 .init_array.00000
                0x000026ac        0x4 c:/program files (x86)/atmel/studio/7.0/toolchain/arm/arm-gnu-toolchain/bin/../lib/gcc/arm-none-eabi/4.9.3/../../../../arm-none-eabi/lib/armv6-m\libc.a(lib_a-__call_atexit.o)
 *(.init_array)
 .init_array    0x000026b0        0x4 c:/program files (x86)/atmel/studio/7.0/toolchain/arm/arm-gnu-toolchain/bin/../lib/gcc/arm-none-eabi/4.9.3/armv6-m/crtbegin.o
                0x000026b4                __init_array_end = .
                0x000026b4                . = ALIGN (0x4)
 *crtbegin.o(.ctors)
 *(EXCLUDE_FILE(*crtend.o) .ctors)
 *(SORT(.ctors.*))
 *crtend.o(.ctors)
                0x000026b4                . = ALIGN (0x4)
 *(.fini)
 .fini          0x000026b4        0x4 c:/program files (x86)/atmel/studio/7.0/toolchain/arm/arm-gnu-toolchain/bin/../lib/gcc/arm-none-eabi/4.9.3/armv6-m/crti.o
                0x000026b4                _fini
 .fini          0x000026b8        0x8 c:/program files (x86)/atmel/studio/7.0/toolchain/arm/arm-gnu-toolchain/bin/../lib/gcc/arm-none-eabi/4.9.3/armv6-m/crtn.o
                0x000026c0                . = ALIGN (0x4)
                0x000026c0                __fini_array_start = .
 *(.fini_array)
 .fini_array    0x000026c0        0x4 c:/program files (x86)/atmel/studio/7.0/toolchain/arm/arm-gnu-toolchain/bin/../lib/gcc/arm-none-eabi/4.9.3/armv6-m/crtbegin.o
 *(SORT(.fini_array.*))
                0x000026c4                __fini_array_end = .
 *crtbegin.o(.dtors)
 *(EXCLUDE_FILE(*crtend.o) .dtors)
 *(SORT(.dtors.*))
 *crtend.o(.dtors)
                0x000026c4                . = ALIGN (0x4)
                0x000026c4                _efixed = .
                0x000026c4                PROVIDE (__exidx_start, .)

.vfp11_veneer   0x000026c4        0x0
 .vfp11_veneer  0x00000000        0x0 linker stubs

.v4_bx          0x000026c4        0x0
 .v4_bx         0x00000000        0x0 linker stubs

.iplt           0x000026c4        0x0
 .iplt          0x00000000        0x0 c:/program files (x86)/atmel/studio/7.0/toolchain/arm/arm-gnu-toolchain/bin/../lib/gcc/arm-none-eabi/4.9.3/armv6-m/crtbegin.o

.eh_frame       0x000026c4        0x0
 .eh_frame      0x000026c4        0x0 c:/program files (x86)/atmel/studio/7.0/toolchain/arm/arm-gnu-toolchain/bin/../lib/gcc/arm-none-eabi/4.9.3/armv6-m/crtbegin.o

.rel.dyn        0x000026c4        0x0
 .rel.iplt      0x00000000        0x0 c:/program files (x86)/atmel/studio/7.0/toolchain/arm/arm-gnu-toolchain/bin/../lib/gcc/arm-none-eabi/4.9.3/armv6-m/crtbegin.o

.jcr            0x000026c4        0x0
 .jcr           0x000026c4        0x0 c:/program files (x86)/atmel/studio/7.0/toolchain/arm/arm-gnu-toolchain/bin/../lib/gcc/arm-none-eabi/4.9.3/armv6-m/crtbegin.o

.igot.plt       0x000026c4        0x0
 .igot.plt      0x00000000        0x0 c:/program files (x86)/atmel/studio/7.0/toolchain/arm/arm-gnu-toolchain/bin/../lib/gcc/arm-none-eabi/4.9.3/armv6-m/crtbegin.o

.ARM.exidx
 *(.ARM.exidx* .gnu.linkonce.armexidx.*)
                0x000026c4                PROVIDE (__exidx_end, .)
                0x000026c4                . = ALIGN (0x4)
                0x000026c4                _etext = .

.relocate       0x20000000      0x430 load address 0x000026c4
                0x20000000                . = ALIGN (0x4)
                0x20000000                _srelocate = .
 *(.ramfunc .ramfunc.*)
 *(.data .data.*)
 .data.impure_data
                0x20000000      0x428 c:/program files (x86)/atmel/studio/7.0/toolchain/arm/arm-gnu-toolchain/bin/../lib/gcc/arm-none-eabi/4.9.3/../../../../arm-none-eabi/lib/armv6-m\libc.a(lib_a-impure.o)
 .data._impure_ptr
                0x20000428        0x4 c:/program files (x86)/atmel/studio/7.0/toolchain/arm/arm-gnu-toolchain/bin/../lib/gcc/arm-none-eabi/4.9.3/../../../../arm-none-eabi/lib/armv6-m\libc.a(lib_a-impure.o)
                0x20000428                _impure_ptr
 .data.__ctype_ptr__
                0x2000042c        0x4 c:/program files (x86)/atmel/studio/7.0/toolchain/arm/arm-gnu-toolchain/bin/../lib/gcc/arm-none-eabi/4.9.3/../../../../arm-none-eabi/lib/armv6-m\libc.a(lib_a-ctype_.o)
                0x2000042c                __ctype_ptr__
                0x20000430                . = ALIGN (0x4)
                0x20000430                _erelocate = .

.bss            0x20000430      0x188 load address 0x00002af4
                0x20000430                . = ALIGN (0x4)
                0x20000430                _sbss = .
                0x20000430                _szero = .
 *(.bss .bss.*)
 .bss           0x20000430       0x1c c:/program files (x86)/atmel/studio/7.0/toolchain/arm/arm-gnu-toolchain/bin/../lib/gcc/arm-none-eabi/4.9.3/armv6-m/crtbegin.o
 *(COMMON)
 COMMON         0x2000044c       0x1d cal.o
                0x2000044c                last_capture_value
                0x20000450                capture_fifo_readptr
                0x20000452                cal_valid_counter
                0x20000454                capture_fifo_writeptr
                0x20000458                capture_fifo
                0x20000468                last_capture_valid
 *fill*         0x20000469        0x3 
 COMMON         0x2000046c      0x108 console.o
                0x2000046c                uart_console_rx_fifo
                0x200004ec                uart_console_tx_fifo
                0x2000056c                uart_console_tx_fifo_readptr
                0x2000056e                uart_console_tx_fifo_writeptr
                0x20000570                uart_console_rx_fifo_writeptr
                0x20000572                uart_console_rx_fifo_readptr
 COMMON         0x20000574       0x14 display.o
                0x20000574                display
 COMMON         0x20000588       0x30 rtc.o
                0x20000588                rtc_data
                0x200005b8                . = ALIGN (0x4)
                0x200005b8                _ebss = .
                0x200005b8                _ezero = .

.stack          0x200005b8      0x400 load address 0x00002c7c
                0x200005b8                . = ALIGN (0x8)
                0x200005b8                _sstack = .
                0x200009b8                . = (. + STACK_SIZE)
 *fill*         0x200005b8      0x400 
                0x200009b8                . = ALIGN (0x8)
                0x200009b8                _estack = .
                0x200009b8                . = ALIGN (0x4)
                0x200009b8                _end = .
OUTPUT(thin18.elf elf32-littlearm)

.ARM.attributes
                0x00000000       0x28
 .ARM.attributes
                0x00000000       0x1e c:/program files (x86)/atmel/studio/7.0/toolchain/arm/arm-gnu-toolchain/bin/../lib/gcc/arm-none-eabi/4.9.3/armv6-m/crti.o
 .ARM.attributes
                0x0000001e       0x2c c:/program files (x86)/atmel/studio/7.0/toolchain/arm/arm-gnu-toolchain/bin/../lib/gcc/arm-none-eabi/4.9.3/armv6-m/crtbegin.o
 .ARM.attributes
                0x0000004a       0x32 cal.o
 .ARM.attributes
                0x0000007c       0x32 console.o
 .ARM.attributes
                0x000000ae       0x22 delay.o
 .ARM.attributes
                0x000000d0       0x32 Device_Startup/startup_samd20.o
 .ARM.attributes
                0x00000102       0x32 display.o
 .ARM.attributes
                0x00000134       0x32 init.o
 .ARM.attributes
                0x00000166       0x32 main.o
 .ARM.attributes
                0x00000198       0x32 menu.o
 .ARM.attributes
                0x000001ca       0x32 rtc.o
 .ARM.attributes
                0x000001fc       0x2c c:/program files (x86)/atmel/studio/7.0/toolchain/arm/arm-gnu-toolchain/bin/../lib/gcc/arm-none-eabi/4.9.3/../../../../arm-none-eabi/lib/armv6-m\libc.a(lib_a-impure.o)
 .ARM.attributes
                0x00000228       0x2c c:/program files (x86)/atmel/studio/7.0/toolchain/arm/arm-gnu-toolchain/bin/../lib/gcc/arm-none-eabi/4.9.3/../../../../arm-none-eabi/lib/armv6-m\libc.a(lib_a-init.o)
 .ARM.attributes
                0x00000254       0x2c c:/program files (x86)/atmel/studio/7.0/toolchain/arm/arm-gnu-toolchain/bin/../lib/gcc/arm-none-eabi/4.9.3/../../../../arm-none-eabi/lib/armv6-m\libc.a(lib_a-itoa.o)
 .ARM.attributes
                0x00000280       0x2c c:/program files (x86)/atmel/studio/7.0/toolchain/arm/arm-gnu-toolchain/bin/../lib/gcc/arm-none-eabi/4.9.3/../../../../arm-none-eabi/lib/armv6-m\libc.a(lib_a-memcpy.o)
 .ARM.attributes
                0x000002ac       0x2c c:/program files (x86)/atmel/studio/7.0/toolchain/arm/arm-gnu-toolchain/bin/../lib/gcc/arm-none-eabi/4.9.3/../../../../arm-none-eabi/lib/armv6-m\libc.a(lib_a-strtol.o)
 .ARM.attributes
                0x000002d8       0x2c c:/program files (x86)/atmel/studio/7.0/toolchain/arm/arm-gnu-toolchain/bin/../lib/gcc/arm-none-eabi/4.9.3/../../../../arm-none-eabi/lib/armv6-m\libc.a(lib_a-strtoul.o)
 .ARM.attributes
                0x00000304       0x2c c:/program files (x86)/atmel/studio/7.0/toolchain/arm/arm-gnu-toolchain/bin/../lib/gcc/arm-none-eabi/4.9.3/../../../../arm-none-eabi/lib/armv6-m\libc.a(lib_a-utoa.o)
 .ARM.attributes
                0x00000330       0x2c c:/program files (x86)/atmel/studio/7.0/toolchain/arm/arm-gnu-toolchain/bin/../lib/gcc/arm-none-eabi/4.9.3/../../../../arm-none-eabi/lib/armv6-m\libc.a(lib_a-__call_atexit.o)
 .ARM.attributes
                0x0000035c       0x2c c:/program files (x86)/atmel/studio/7.0/toolchain/arm/arm-gnu-toolchain/bin/../lib/gcc/arm-none-eabi/4.9.3/../../../../arm-none-eabi/lib/armv6-m\libc.a(lib_a-atexit.o)
 .ARM.attributes
                0x00000388       0x2c c:/program files (x86)/atmel/studio/7.0/toolchain/arm/arm-gnu-toolchain/bin/../lib/gcc/arm-none-eabi/4.9.3/../../../../arm-none-eabi/lib/armv6-m\libc.a(lib_a-ctype_.o)
 .ARM.attributes
                0x000003b4       0x2c c:/program files (x86)/atmel/studio/7.0/toolchain/arm/arm-gnu-toolchain/bin/../lib/gcc/arm-none-eabi/4.9.3/../../../../arm-none-eabi/lib/armv6-m\libc.a(lib_a-fini.o)
 .ARM.attributes
                0x000003e0       0x2c c:/program files (x86)/atmel/studio/7.0/toolchain/arm/arm-gnu-toolchain/bin/../lib/gcc/arm-none-eabi/4.9.3/../../../../arm-none-eabi/lib/armv6-m\libc.a(lib_a-__atexit.o)
 .ARM.attributes
                0x0000040c       0x1e c:/program files (x86)/atmel/studio/7.0/toolchain/arm/arm-gnu-toolchain/bin/../lib/gcc/arm-none-eabi/4.9.3/armv6-m\libgcc.a(_udivsi3.o)
 .ARM.attributes
                0x0000042a       0x1e c:/program files (x86)/atmel/studio/7.0/toolchain/arm/arm-gnu-toolchain/bin/../lib/gcc/arm-none-eabi/4.9.3/armv6-m\libgcc.a(_dvmd_tls.o)
 .ARM.attributes
                0x00000448       0x1e c:/program files (x86)/atmel/studio/7.0/toolchain/arm/arm-gnu-toolchain/bin/../lib/gcc/arm-none-eabi/4.9.3/armv6-m/crtn.o

.comment        0x00000000       0x5b
 .comment       0x00000000       0x5b cal.o
                                 0x5c (size before relaxing)
 .comment       0x00000000       0x5c console.o
 .comment       0x00000000       0x5c Device_Startup/startup_samd20.o
 .comment       0x00000000       0x5c display.o
 .comment       0x00000000       0x5c init.o
 .comment       0x00000000       0x5c main.o
 .comment       0x00000000       0x5c menu.o
 .comment       0x00000000       0x5c rtc.o

.debug_info     0x00000000     0xd8d5
 .debug_info    0x00000000     0x32a7 cal.o
 .debug_info    0x000032a7     0x2c44 console.o
 .debug_info    0x00005eeb       0x5d delay.o
 .debug_info    0x00005f48      0x988 Device_Startup/startup_samd20.o
 .debug_info    0x000068d0     0x235d display.o
 .debug_info    0x00008c2d     0x16ac init.o
 .debug_info    0x0000a2d9       0x95 main.o
 .debug_info    0x0000a36e      0x846 menu.o
 .debug_info    0x0000abb4     0x2d21 rtc.o

.debug_abbrev   0x00000000      0xd46
 .debug_abbrev  0x00000000      0x1f0 cal.o
 .debug_abbrev  0x000001f0      0x263 console.o
 .debug_abbrev  0x00000453       0x14 delay.o
 .debug_abbrev  0x00000467      0x1ba Device_Startup/startup_samd20.o
 .debug_abbrev  0x00000621      0x1ff display.o
 .debug_abbrev  0x00000820      0x14e init.o
 .debug_abbrev  0x0000096e       0x49 main.o
 .debug_abbrev  0x000009b7      0x188 menu.o
 .debug_abbrev  0x00000b3f      0x207 rtc.o

.debug_loc      0x00000000      0x652
 .debug_loc     0x00000000      0x100 cal.o
 .debug_loc     0x00000100      0x1b4 console.o
 .debug_loc     0x000002b4       0x64 Device_Startup/startup_samd20.o
 .debug_loc     0x00000318      0x164 display.o
 .debug_loc     0x0000047c       0x58 init.o
 .debug_loc     0x000004d4       0x2c main.o
 .debug_loc     0x00000500       0x3a menu.o
 .debug_loc     0x0000053a      0x118 rtc.o

.debug_aranges  0x00000000      0x1d8
 .debug_aranges
                0x00000000       0x40 cal.o
 .debug_aranges
                0x00000040       0x58 console.o
 .debug_aranges
                0x00000098       0x20 delay.o
 .debug_aranges
                0x000000b8       0x28 Device_Startup/startup_samd20.o
 .debug_aranges
                0x000000e0       0x50 display.o
 .debug_aranges
                0x00000130       0x28 init.o
 .debug_aranges
                0x00000158       0x20 main.o
 .debug_aranges
                0x00000178       0x20 menu.o
 .debug_aranges
                0x00000198       0x40 rtc.o

.debug_ranges   0x00000000      0x138
 .debug_ranges  0x00000000       0x30 cal.o
 .debug_ranges  0x00000030       0x48 console.o
 .debug_ranges  0x00000078       0x18 Device_Startup/startup_samd20.o
 .debug_ranges  0x00000090       0x40 display.o
 .debug_ranges  0x000000d0       0x18 init.o
 .debug_ranges  0x000000e8       0x10 main.o
 .debug_ranges  0x000000f8       0x10 menu.o
 .debug_ranges  0x00000108       0x30 rtc.o

.debug_macro    0x00000000     0xc11c
 .debug_macro   0x00000000      0x29f cal.o
 .debug_macro   0x0000029f      0x832 cal.o
 .debug_macro   0x00000ad1       0x22 cal.o
 .debug_macro   0x00000af3       0x44 cal.o
 .debug_macro   0x00000b37       0x58 cal.o
 .debug_macro   0x00000b8f       0x22 cal.o
 .debug_macro   0x00000bb1      0x1df cal.o
 .debug_macro   0x00000d90       0x3a cal.o
 .debug_macro   0x00000dca       0x3a cal.o
 .debug_macro   0x00000e04       0x1f cal.o
 .debug_macro   0x00000e23      0x250 cal.o
 .debug_macro   0x00001073      0x682 cal.o
 .debug_macro   0x000016f5      0x8bf cal.o
 .debug_macro   0x00001fb4      0x229 cal.o
 .debug_macro   0x000021dd      0x5bf cal.o
 .debug_macro   0x0000279c      0x9f8 cal.o
 .debug_macro   0x00003194      0x5b5 cal.o
 .debug_macro   0x00003749      0x4b3 cal.o
 .debug_macro   0x00003bfc      0x74a cal.o
 .debug_macro   0x00004346       0x5e cal.o
 .debug_macro   0x000043a4      0x5e0 cal.o
 .debug_macro   0x00004984      0x3b6 cal.o
 .debug_macro   0x00004d3a      0xc55 cal.o
 .debug_macro   0x0000598f      0xd29 cal.o
 .debug_macro   0x000066b8      0x7b8 cal.o
 .debug_macro   0x00006e70      0x6bf cal.o
 .debug_macro   0x0000752f      0x34e cal.o
 .debug_macro   0x0000787d       0x7c cal.o
 .debug_macro   0x000078f9       0x9a cal.o
 .debug_macro   0x00007993       0x46 cal.o
 .debug_macro   0x000079d9       0xb2 cal.o
 .debug_macro   0x00007a8b       0x6a cal.o
 .debug_macro   0x00007af5      0x284 cal.o
 .debug_macro   0x00007d79       0x82 cal.o
 .debug_macro   0x00007dfb       0xb2 cal.o
 .debug_macro   0x00007ead       0x1c cal.o
 .debug_macro   0x00007ec9       0x1c cal.o
 .debug_macro   0x00007ee5       0x1c cal.o
 .debug_macro   0x00007f01       0x82 cal.o
 .debug_macro   0x00007f83      0x161 cal.o
 .debug_macro   0x000080e4       0xdc cal.o
 .debug_macro   0x000081c0      0x103 cal.o
 .debug_macro   0x000082c3      0x103 cal.o
 .debug_macro   0x000083c6      0x103 cal.o
 .debug_macro   0x000084c9      0x103 cal.o
 .debug_macro   0x000085cc      0x103 cal.o
 .debug_macro   0x000086cf      0x103 cal.o
 .debug_macro   0x000087d2       0xfa cal.o
 .debug_macro   0x000088cc       0xbe cal.o
 .debug_macro   0x0000898a       0xbe cal.o
 .debug_macro   0x00008a48       0xbe cal.o
 .debug_macro   0x00008b06       0xbe cal.o
 .debug_macro   0x00008bc4       0xbe cal.o
 .debug_macro   0x00008c82       0xbe cal.o
 .debug_macro   0x00008d40       0x40 cal.o
 .debug_macro   0x00008d80      0x2c7 cal.o
 .debug_macro   0x00009047     0x134e cal.o
 .debug_macro   0x0000a395       0x66 cal.o
 .debug_macro   0x0000a3fb       0x22 cal.o
 .debug_macro   0x0000a41d      0x2a5 console.o
 .debug_macro   0x0000a6c2       0x40 console.o
 .debug_macro   0x0000a702      0x268 Device_Startup/startup_samd20.o
 .debug_macro   0x0000a96a      0x300 display.o
 .debug_macro   0x0000ac6a       0x16 display.o
 .debug_macro   0x0000ac80      0x27e init.o
 .debug_macro   0x0000aefe       0xa2 main.o
 .debug_macro   0x0000afa0      0x3c8 menu.o
 .debug_macro   0x0000b368       0x58 menu.o
 .debug_macro   0x0000b3c0       0x35 menu.o
 .debug_macro   0x0000b3f5       0x9c menu.o
 .debug_macro   0x0000b491       0x16 menu.o
 .debug_macro   0x0000b4a7       0x4a menu.o
 .debug_macro   0x0000b4f1       0x97 menu.o
 .debug_macro   0x0000b588      0x29d menu.o
 .debug_macro   0x0000b825       0xef menu.o
 .debug_macro   0x0000b914       0x10 menu.o
 .debug_macro   0x0000b924       0x52 menu.o
 .debug_macro   0x0000b976       0x16 menu.o
 .debug_macro   0x0000b98c       0x43 menu.o
 .debug_macro   0x0000b9cf      0x180 menu.o
 .debug_macro   0x0000bb4f       0x10 menu.o
 .debug_macro   0x0000bb5f       0x22 menu.o
 .debug_macro   0x0000bb81       0xbe menu.o
 .debug_macro   0x0000bc3f       0x16 menu.o
 .debug_macro   0x0000bc55      0x197 menu.o
 .debug_macro   0x0000bdec       0x16 menu.o
 .debug_macro   0x0000be02       0x35 menu.o
 .debug_macro   0x0000be37       0x16 menu.o
 .debug_macro   0x0000be4d       0x16 menu.o
 .debug_macro   0x0000be63       0x29 menu.o
 .debug_macro   0x0000be8c      0x290 rtc.o

.debug_line     0x00000000     0x338b
 .debug_line    0x00000000      0x6c8 cal.o
 .debug_line    0x000006c8      0x708 console.o
 .debug_line    0x00000dd0       0x48 delay.o
 .debug_line    0x00000e18      0x62f Device_Startup/startup_samd20.o
 .debug_line    0x00001447      0x785 display.o
 .debug_line    0x00001bcc      0x630 init.o
 .debug_line    0x000021fc      0x282 main.o
 .debug_line    0x0000247e      0x7a6 menu.o
 .debug_line    0x00002c24      0x767 rtc.o

.debug_str      0x00000000    0x44dcd
 .debug_str     0x00000000    0x402ca cal.o
                              0x40616 (size before relaxing)
 .debug_str     0x000402ca      0xa15 console.o
                              0x4073c (size before relaxing)
 .debug_str     0x00040cdf      0x45c Device_Startup/startup_samd20.o
                              0x3fce7 (size before relaxing)
 .debug_str     0x0004113b      0x42f display.o
                              0x405a4 (size before relaxing)
 .debug_str     0x0004156a      0x37c init.o
                              0x3fe1e (size before relaxing)
 .debug_str     0x000418e6       0x24 main.o
                               0x2fac (size before relaxing)
 .debug_str     0x0004190a     0x3139 menu.o
                              0x42ce9 (size before relaxing)
 .debug_str     0x00044a43      0x38a rtc.o
                              0x405ed (size before relaxing)

.debug_frame    0x00000000      0x6e0
 .debug_frame   0x00000000       0xa8 cal.o
 .debug_frame   0x000000a8      0x110 console.o
 .debug_frame   0x000001b8       0x4c Device_Startup/startup_samd20.o
 .debug_frame   0x00000204       0xe8 display.o
 .debug_frame   0x000002ec       0x48 init.o
 .debug_frame   0x00000334       0x2c main.o
 .debug_frame   0x00000360       0x30 menu.o
 .debug_frame   0x00000390       0xb0 rtc.o
 .debug_frame   0x00000440       0x2c c:/program files (x86)/atmel/studio/7.0/toolchain/arm/arm-gnu-toolchain/bin/../lib/gcc/arm-none-eabi/4.9.3/../../../../arm-none-eabi/lib/armv6-m\libc.a(lib_a-init.o)
 .debug_frame   0x0000046c       0x40 c:/program files (x86)/atmel/studio/7.0/toolchain/arm/arm-gnu-toolchain/bin/../lib/gcc/arm-none-eabi/4.9.3/../../../../arm-none-eabi/lib/armv6-m\libc.a(lib_a-itoa.o)
 .debug_frame   0x000004ac       0x2c c:/program files (x86)/atmel/studio/7.0/toolchain/arm/arm-gnu-toolchain/bin/../lib/gcc/arm-none-eabi/4.9.3/../../../../arm-none-eabi/lib/armv6-m\libc.a(lib_a-memcpy.o)
 .debug_frame   0x000004d8       0x58 c:/program files (x86)/atmel/studio/7.0/toolchain/arm/arm-gnu-toolchain/bin/../lib/gcc/arm-none-eabi/4.9.3/../../../../arm-none-eabi/lib/armv6-m\libc.a(lib_a-strtol.o)
 .debug_frame   0x00000530       0x58 c:/program files (x86)/atmel/studio/7.0/toolchain/arm/arm-gnu-toolchain/bin/../lib/gcc/arm-none-eabi/4.9.3/../../../../arm-none-eabi/lib/armv6-m\libc.a(lib_a-strtoul.o)
 .debug_frame   0x00000588       0x54 c:/program files (x86)/atmel/studio/7.0/toolchain/arm/arm-gnu-toolchain/bin/../lib/gcc/arm-none-eabi/4.9.3/../../../../arm-none-eabi/lib/armv6-m\libc.a(lib_a-utoa.o)
 .debug_frame   0x000005dc       0x54 c:/program files (x86)/atmel/studio/7.0/toolchain/arm/arm-gnu-toolchain/bin/../lib/gcc/arm-none-eabi/4.9.3/../../../../arm-none-eabi/lib/armv6-m\libc.a(lib_a-__call_atexit.o)
 .debug_frame   0x00000630       0x28 c:/program files (x86)/atmel/studio/7.0/toolchain/arm/arm-gnu-toolchain/bin/../lib/gcc/arm-none-eabi/4.9.3/../../../../arm-none-eabi/lib/armv6-m\libc.a(lib_a-atexit.o)
 .debug_frame   0x00000658       0x2c c:/program files (x86)/atmel/studio/7.0/toolchain/arm/arm-gnu-toolchain/bin/../lib/gcc/arm-none-eabi/4.9.3/../../../../arm-none-eabi/lib/armv6-m\libc.a(lib_a-fini.o)
 .debug_frame   0x00000684       0x3c c:/program files (x86)/atmel/studio/7.0/toolchain/arm/arm-gnu-toolchain/bin/../lib/gcc/arm-none-eabi/4.9.3/../../../../arm-none-eabi/lib/armv6-m\libc.a(lib_a-__atexit.o)
 .debug_frame   0x000006c0       0x20 c:/program files (x86)/atmel/studio/7.0/toolchain/arm/arm-gnu-toolchain/bin/../lib/gcc/arm-none-eabi/4.9.3/armv6-m\libgcc.a(_udivsi3.o)
